Script started on 2023-12-03 15:53:30+00:00 [TERM="xterm-256color" TTY="/dev/pts/0" COLUMNS="79" LINES="29"]
[?2004h]0;ubuntu@ubuntu: ~[01;32mubuntu@ubuntu[00m:[01;34m~[00m$ lsblk
[?2004lNAME               MAJ:MIN RM   SIZE RO TYPE MOUNTPOINTS
loop0                7:0    0     3G  1 loop /rofs
loop1                7:1    0  63.4M  1 loop /snap/core20/1974
loop2                7:2    0     4K  1 loop /snap/bare/5
loop3                7:3    0  73.9M  1 loop /snap/core22/858
loop4                7:4    0 485.5M  1 loop /snap/gnome-42-2204/120
loop5                7:5    0 237.2M  1 loop /snap/firefox/2987
loop6                7:6    0 349.7M  1 loop /snap/gnome-3-38-2004/143
loop7                7:7    0  12.3M  1 loop /snap/snap-store/959
loop8                7:8    0  91.7M  1 loop /snap/gtk-common-themes/1535
loop9                7:9    0   452K  1 loop /snap/snapd-desktop-integration/83
loop10               7:10   0  53.3M  1 loop /snap/snapd/19457
sda                  8:0    0  14.6G  0 disk 
â”œâ”€sda1               8:1    0     1M  0 part 
â”œâ”€sda2               8:2    0   1.8G  0 part 
â””â”€sda3               8:3    0  12.9G  0 part 
  â””â”€ubuntu--vg-ubuntu--lv
                   253:0    0    10G  0 lvm  
sdb                  8:16   0    10G  0 disk 
sdc                  8:32   0     2G  0 disk 
sdd                  8:48   0     1G  0 disk 
sde                  8:64   0     1G  0 disk 
sr0                 11:0    1   4.7G  0 rom  /cdrom
[?2004h]0;ubuntu@ubuntu: ~[01;32mubuntu@ubuntu[00m:[01;34m~[00m$ sudo lvscakn[K[K[K[Kcan
[?2004l  ACTIVE            '/dev/ubuntu-vg/ubuntu-lv' [10.00 GiB] inherit
[?2004h]0;ubuntu@ubuntu: ~[01;32mubuntu@ubuntu[00m:[01;34m~[00m$ sudo e2fsk[Kck -f [7m/dev/ubuntu-vg/ubuntu-lv[27m/dev/ubuntu-vg/ubuntu-lv
[?2004le2fsck 1.46.5 (30-Dec-2021)
Pass 1: Checking inodes, blocks, and sizes
Pass 2: Checking directory structure
Pass 3: Checking directory connectivity
Pass 4: Checking reference counts
Pass 5: Checking group summary information
/dev/ubuntu-vg/ubuntu-lv: 45114/655360 files (0.2% non-contiguous), 998907/2621440 blocks
[?2004h]0;ubuntu@ubuntu: ~[01;32mubuntu@ubuntu[00m:[01;34m~[00m$ [K]0;ubuntu@ubuntu: ~[01;32mubuntu@ubuntu[00m:[01;34m~[00m$ sudo resize2fs [7m/dev/ubuntu-vg/ubuntu-lv[27m/dev/ubuntu-vg/ubuntu-lv 8G
[?2004lresize2fs 1.46.5 (30-Dec-2021)
Resizing the filesystem on /dev/ubuntu-vg/ubuntu-lv to 2097152 (4k) blocks.
The filesystem on /dev/ubuntu-vg/ubuntu-lv is now 2097152 (4k) blocks long.

[?2004h]0;ubuntu@ubuntu: ~[01;32mubuntu@ubuntu[00m:[01;34m~[00m$ sudo lvresize -L 8G [7m/dev/ubuntu-vg/ubuntu-lv[27m/dev/ubuntu-vg/ubuntu-lv
[?2004l  WARNING: Reducing active logical volume to 8.00 GiB.
  THIS MAY DESTROY YOUR DATA (filesystem etc.)
Do you really want to reduce ubuntu-vg/ubuntu-lv? [y/n]: y
  Size of logical volume ubuntu-vg/ubuntu-lv changed from 10.00 GiB (2560 extents) to 8.00 GiB (2048 extents).
  Logical volume ubuntu-vg/ubuntu-lv successfully resized.
[?2004h]0;ubuntu@ubuntu: ~[01;32mubuntu@ubuntu[00m:[01;34m~[00m$ sudo lvdisplay
[?2004l  --- Logical volume ---
  LV Path                /dev/ubuntu-vg/ubuntu-lv
  LV Name                ubuntu-lv
  VG Name                ubuntu-vg
  LV UUID                ZQkL02-6krh-V3Rg-skbK-FCpv-5y07-0wpYvn
  LV Write Access        read/write
  LV Creation host, time ubuntu-server, 2023-11-24 08:07:57 +0000
  LV Status              available
  # open                 0
  LV Size                8.00 GiB
  Current LE             2048
  Segments               1
  Allocation             inherit
  Read ahead sectors     auto
  - currently set to     256
  Block device           253:0
   
[?2004h]0;ubuntu@ubuntu: ~[01;32mubuntu@ubuntu[00m:[01;34m~[00m$ sudo lgdisa[Kplay
[?2004lsudo: lgdisplay: command not found
[?2004h]0;ubuntu@ubuntu: ~[01;32mubuntu@ubuntu[00m:[01;34m~[00m$ sudo lgdisplay[1Pgdisplay[1Pdisplayvdisplaygdisplay
[?2004l  --- Volume group ---
  VG Name               ubuntu-vg
  System ID             
  Format                lvm2
  Metadata Areas        1
  Metadata Sequence No  3
  VG Access             read/write
  VG Status             resizable
  MAX LV                0
  Cur LV                1
  Open LV               0
  Max PV                0
  Cur PV                1
  Act PV                1
  VG Size               12.89 GiB
  PE Size               4.00 MiB
  Total PE              3301
  Alloc PE / Size       2048 / 8.00 GiB
  Free  PE / Size       1253 / 4.89 GiB
  VG UUID               QZchqS-vAo7-NnrA-0I1K-CXiF-n4HY-LoHhFg
   
[?2004h]0;ubuntu@ubuntu: ~[01;32mubuntu@ubuntu[00m:[01;34m~[00m$ 
[?2004l[?2004h]0;ubuntu@ubuntu: ~[01;32mubuntu@ubuntu[00m:[01;34m~[00m$ exit
[?2004lexit

Script done on 2023-12-03 16:21:28+00:00 [COMMAND_EXIT_CODE="0"]
